I'm sorry, but errors were detected in your script. Please correct the
errors listed below, and try again.


File "game/script.rpy", line 133: expected ':' not found.
    label dorms
               ^

Ren'Py Version: Ren'Py 8.1.3.23091805
Mon Nov 20 19:52:37 2023
